------------------------------------------------------------
Timing Analyzer Summary
------------------------------------------------------------

Type  : Slow 1200mV 85C Model Setup 'CLOCK'
Slack : -3.361
TNS   : -20.168

Type  : Slow 1200mV 85C Model Hold 'CLOCK'
Slack : 0.372
TNS   : 0.000

Type  : Slow 1200mV 85C Model Recovery 'CLOCK'
Slack : -1.163
TNS   : -1.283

Type  : Slow 1200mV 85C Model Recovery 'Insercao:inst10|instI'
Slack : 0.082
TNS   : 0.000

Type  : Slow 1200mV 85C Model Removal 'Insercao:inst10|instI'
Slack : -0.224
TNS   : -0.896

Type  : Slow 1200mV 85C Model Removal 'CLOCK'
Slack : 0.443
TNS   : 0.000

Type  : Slow 1200mV 85C Model Minimum Pulse Width 'CLOCK'
Slack : -3.000
TNS   : -24.845

Type  : Slow 1200mV 85C Model Minimum Pulse Width 'Insercao:inst10|instI'
Slack : -1.285
TNS   : -30.840

Type  : Slow 1200mV 0C Model Setup 'CLOCK'
Slack : -3.119
TNS   : -17.996

Type  : Slow 1200mV 0C Model Hold 'CLOCK'
Slack : 0.168
TNS   : 0.000

Type  : Slow 1200mV 0C Model Recovery 'CLOCK'
Slack : -0.941
TNS   : -0.941

Type  : Slow 1200mV 0C Model Recovery 'Insercao:inst10|instI'
Slack : 0.151
TNS   : 0.000

Type  : Slow 1200mV 0C Model Removal 'Insercao:inst10|instI'
Slack : -0.192
TNS   : -0.768

Type  : Slow 1200mV 0C Model Removal 'CLOCK'
Slack : 0.283
TNS   : 0.000

Type  : Slow 1200mV 0C Model Minimum Pulse Width 'CLOCK'
Slack : -3.000
TNS   : -24.845

Type  : Slow 1200mV 0C Model Minimum Pulse Width 'Insercao:inst10|instI'
Slack : -1.285
TNS   : -30.840

Type  : Fast 1200mV 0C Model Setup 'CLOCK'
Slack : -1.354
TNS   : -5.287

Type  : Fast 1200mV 0C Model Hold 'CLOCK'
Slack : 0.179
TNS   : 0.000

Type  : Fast 1200mV 0C Model Recovery 'Insercao:inst10|instI'
Slack : -0.143
TNS   : -0.572

Type  : Fast 1200mV 0C Model Recovery 'CLOCK'
Slack : -0.103
TNS   : -0.103

Type  : Fast 1200mV 0C Model Removal 'Insercao:inst10|instI'
Slack : 0.237
TNS   : 0.000

Type  : Fast 1200mV 0C Model Removal 'CLOCK'
Slack : 0.256
TNS   : 0.000

Type  : Fast 1200mV 0C Model Minimum Pulse Width 'CLOCK'
Slack : -3.000
TNS   : -21.322

Type  : Fast 1200mV 0C Model Minimum Pulse Width 'Insercao:inst10|instI'
Slack : -1.000
TNS   : -24.000

------------------------------------------------------------
