------------------------------------------------------------
Timing Analyzer Summary
------------------------------------------------------------

Type  : Slow 1200mV 85C Model Setup 'CLOCK'
Slack : -3.642
TNS   : -18.661

Type  : Slow 1200mV 85C Model Hold 'CLOCK'
Slack : 0.402
TNS   : 0.000

Type  : Slow 1200mV 85C Model Recovery 'Insercao:inst10|instI'
Slack : -1.886
TNS   : -12.680

Type  : Slow 1200mV 85C Model Recovery 'CLOCK'
Slack : -1.352
TNS   : -3.825

Type  : Slow 1200mV 85C Model Removal 'Insercao:inst10|instI'
Slack : 0.089
TNS   : 0.000

Type  : Slow 1200mV 85C Model Removal 'CLOCK'
Slack : 0.809
TNS   : 0.000

Type  : Slow 1200mV 85C Model Minimum Pulse Width 'CLOCK'
Slack : -3.000
TNS   : -27.415

Type  : Slow 1200mV 85C Model Minimum Pulse Width 'Insercao:inst10|instI'
Slack : -1.285
TNS   : -30.840

Type  : Slow 1200mV 0C Model Setup 'CLOCK'
Slack : -3.288
TNS   : -16.497

Type  : Slow 1200mV 0C Model Hold 'CLOCK'
Slack : 0.354
TNS   : 0.000

Type  : Slow 1200mV 0C Model Recovery 'Insercao:inst10|instI'
Slack : -1.661
TNS   : -10.900

Type  : Slow 1200mV 0C Model Recovery 'CLOCK'
Slack : -1.112
TNS   : -2.623

Type  : Slow 1200mV 0C Model Removal 'Insercao:inst10|instI'
Slack : 0.089
TNS   : 0.000

Type  : Slow 1200mV 0C Model Removal 'CLOCK'
Slack : 0.625
TNS   : 0.000

Type  : Slow 1200mV 0C Model Minimum Pulse Width 'CLOCK'
Slack : -3.000
TNS   : -27.415

Type  : Slow 1200mV 0C Model Minimum Pulse Width 'Insercao:inst10|instI'
Slack : -1.285
TNS   : -30.840

Type  : Fast 1200mV 0C Model Setup 'CLOCK'
Slack : -1.543
TNS   : -4.425

Type  : Fast 1200mV 0C Model Hold 'CLOCK'
Slack : 0.178
TNS   : 0.000

Type  : Fast 1200mV 0C Model Recovery 'Insercao:inst10|instI'
Slack : -1.169
TNS   : -8.092

Type  : Fast 1200mV 0C Model Recovery 'CLOCK'
Slack : -0.176
TNS   : -0.350

Type  : Fast 1200mV 0C Model Removal 'Insercao:inst10|instI'
Slack : 0.364
TNS   : 0.000

Type  : Fast 1200mV 0C Model Removal 'CLOCK'
Slack : 0.452
TNS   : 0.000

Type  : Fast 1200mV 0C Model Minimum Pulse Width 'CLOCK'
Slack : -3.000
TNS   : -23.518

Type  : Fast 1200mV 0C Model Minimum Pulse Width 'Insercao:inst10|instI'
Slack : -1.000
TNS   : -24.000

------------------------------------------------------------
