------------------------------------------------------------
Timing Analyzer Summary
------------------------------------------------------------

Type  : Slow 1200mV 85C Model Setup 'CLOCK'
Slack : -4.092
TNS   : -16.628

Type  : Slow 1200mV 85C Model Setup 'mod_PU:inst6|inst1'
Slack : -0.550
TNS   : -0.550

Type  : Slow 1200mV 85C Model Setup 'inst1'
Slack : 0.190
TNS   : 0.000

Type  : Slow 1200mV 85C Model Hold 'CLOCK'
Slack : 0.256
TNS   : 0.000

Type  : Slow 1200mV 85C Model Hold 'inst1'
Slack : 0.445
TNS   : 0.000

Type  : Slow 1200mV 85C Model Hold 'mod_PU:inst6|inst1'
Slack : 0.571
TNS   : 0.000

Type  : Slow 1200mV 85C Model Recovery 'inst1'
Slack : -1.186
TNS   : -3.354

Type  : Slow 1200mV 85C Model Recovery 'mod_PU:inst6|inst1'
Slack : -0.828
TNS   : -0.828

Type  : Slow 1200mV 85C Model Removal 'inst1'
Slack : 0.259
TNS   : 0.000

Type  : Slow 1200mV 85C Model Removal 'mod_PU:inst6|inst1'
Slack : 0.556
TNS   : 0.000

Type  : Slow 1200mV 85C Model Minimum Pulse Width 'CLOCK'
Slack : -3.000
TNS   : -19.705

Type  : Slow 1200mV 85C Model Minimum Pulse Width 'inst1'
Slack : -1.285
TNS   : -32.125

Type  : Slow 1200mV 85C Model Minimum Pulse Width 'mod_PU:inst6|inst1'
Slack : -1.285
TNS   : -1.285

Type  : Slow 1200mV 0C Model Setup 'CLOCK'
Slack : -3.680
TNS   : -14.250

Type  : Slow 1200mV 0C Model Setup 'mod_PU:inst6|inst1'
Slack : -0.475
TNS   : -0.475

Type  : Slow 1200mV 0C Model Setup 'inst1'
Slack : 0.277
TNS   : 0.000

Type  : Slow 1200mV 0C Model Hold 'CLOCK'
Slack : 0.224
TNS   : 0.000

Type  : Slow 1200mV 0C Model Hold 'inst1'
Slack : 0.398
TNS   : 0.000

Type  : Slow 1200mV 0C Model Hold 'mod_PU:inst6|inst1'
Slack : 0.536
TNS   : 0.000

Type  : Slow 1200mV 0C Model Recovery 'inst1'
Slack : -0.976
TNS   : -2.284

Type  : Slow 1200mV 0C Model Recovery 'mod_PU:inst6|inst1'
Slack : -0.655
TNS   : -0.655

Type  : Slow 1200mV 0C Model Removal 'inst1'
Slack : 0.266
TNS   : 0.000

Type  : Slow 1200mV 0C Model Removal 'mod_PU:inst6|inst1'
Slack : 0.481
TNS   : 0.000

Type  : Slow 1200mV 0C Model Minimum Pulse Width 'CLOCK'
Slack : -3.000
TNS   : -19.705

Type  : Slow 1200mV 0C Model Minimum Pulse Width 'inst1'
Slack : -1.285
TNS   : -32.125

Type  : Slow 1200mV 0C Model Minimum Pulse Width 'mod_PU:inst6|inst1'
Slack : -1.285
TNS   : -1.285

Type  : Fast 1200mV 0C Model Setup 'CLOCK'
Slack : -1.814
TNS   : -4.103

Type  : Fast 1200mV 0C Model Setup 'mod_PU:inst6|inst1'
Slack : 0.062
TNS   : 0.000

Type  : Fast 1200mV 0C Model Setup 'inst1'
Slack : 0.604
TNS   : 0.000

Type  : Fast 1200mV 0C Model Hold 'CLOCK'
Slack : -0.075
TNS   : -0.088

Type  : Fast 1200mV 0C Model Hold 'mod_PU:inst6|inst1'
Slack : 0.205
TNS   : 0.000

Type  : Fast 1200mV 0C Model Hold 'inst1'
Slack : 0.206
TNS   : 0.000

Type  : Fast 1200mV 0C Model Recovery 'inst1'
Slack : -0.097
TNS   : -0.097

Type  : Fast 1200mV 0C Model Recovery 'mod_PU:inst6|inst1'
Slack : 0.107
TNS   : 0.000

Type  : Fast 1200mV 0C Model Removal 'mod_PU:inst6|inst1'
Slack : 0.252
TNS   : 0.000

Type  : Fast 1200mV 0C Model Removal 'inst1'
Slack : 0.283
TNS   : 0.000

Type  : Fast 1200mV 0C Model Minimum Pulse Width 'CLOCK'
Slack : -3.000
TNS   : -16.747

Type  : Fast 1200mV 0C Model Minimum Pulse Width 'inst1'
Slack : -1.000
TNS   : -25.000

Type  : Fast 1200mV 0C Model Minimum Pulse Width 'mod_PU:inst6|inst1'
Slack : -1.000
TNS   : -1.000

------------------------------------------------------------
